// Jest Snapshot v1, https://goo.gl/fbAQLP

exports[`renders the UI as expected 1`] = `
<main
  role="main"
>
  <header>
    <h3>
      Login Your Account
    </h3>
  </header>
  <form
    className="login-form"
    onSubmit={[Function]}
  >
    <div>
      <label
        htmlFor="name"
      >
        User Name: 
      </label>
      <input
        id="name"
        name="user_name"
        onChange={[Function]}
        placeholder="Name"
        required={true}
        type="text"
        value=""
      />
    </div>
    <div>
      <label
        htmlFor="password"
      >
        Password: 
      </label>
      <input
        id="password"
        name="password"
        placeholder="password"
        required={true}
        type="password"
      />
    </div>
    <button
      className="btn login"
      type="submit"
    >
      Login
    </button>
    <div
      className="btn"
    >
      <a
        href="/"
        onClick={[Function]}
      >
        Cancel
      </a>
    </div>
  </form>
</main>
`;
